.venv/Scripts/python.exe : 140 INFO: PyInstaller: 6.17.0, contrib hook
s: 2025.11
所在位置 行:1 字符: 1
+ .venv/Scripts/python.exe -m PyInstaller vat_gui.spec --clean --nocon
f ...
+ ~~~~~~~~~~~~~~~~~~~~~~~~~~~~~~~~~~~~~~~~~~~~~~~~~~~~~~~~~~~~~~~~~~~~
~
    + CategoryInfo          : NotSpecified: (140 INFO: PyIns... hooks 
   : 2025.11:String) [], RemoteException
    + FullyQualifiedErrorId : NativeCommandError
 
140 INFO: Python: 3.14.0
177 INFO: Platform: Windows-11-10.0.26200-SP0
177 INFO: Python environment: D:\PythonCode\VAT_Audit_Project\.venv
180 INFO: Removing temporary files and cleaning cache in C:\Users\123\
AppData\Local\pyinstaller
181 INFO: Module search paths (PYTHONPATH):
['D:\\PythonCode\\VAT_Audit_Project',
 'D:\\Program Files\\Python314\\python314.zip',
 'D:\\Program Files\\Python314\\DLLs',
 'D:\\Program Files\\Python314\\Lib',
 'D:\\Program Files\\Python314',
 'D:\\PythonCode\\VAT_Audit_Project\\.venv',
 'D:\\PythonCode\\VAT_Audit_Project\\.venv\\Lib\\site-packages',
 'D:\\PythonCode\\VAT_Audit_Project']
485 INFO: Appending 'datas' from .spec
490 INFO: checking Analysis
490 INFO: Building Analysis because Analysis-00.toc is non existent
490 INFO: Looking for Python shared library...
490 INFO: Using Python shared library: D:\Program Files\Python314\pyth
on314.dll
490 INFO: Running Analysis Analysis-00.toc
490 INFO: Target bytecode optimization level: 0
491 INFO: Initializing module dependency graph...
492 INFO: Initializing module graph hook caches...
499 INFO: Analyzing modules for base_library.zip ...
1846 INFO: Processing standard module hook 'hook-encodings.py' from 'D
:\\PythonCode\\VAT_Audit_Project\\.venv\\Lib\\site-packages\\PyInstall
er\\hooks'
2219 INFO: Processing standard module hook 'hook-pickle.py' from 'D:\\
PythonCode\\VAT_Audit_Project\\.venv\\Lib\\site-packages\\PyInstaller\
\hooks'
2382 INFO: Processing standard module hook 'hook-difflib.py' from 'D:\
\PythonCode\\VAT_Audit_Project\\.venv\\Lib\\site-packages\\PyInstaller
\\hooks'
2389 INFO: Processing standard module hook 'hook-heapq.py' from 'D:\\P
ythonCode\\VAT_Audit_Project\\.venv\\Lib\\site-packages\\PyInstaller\\
hooks'
4255 INFO: Caching module dependency graph...
4273 INFO: Analyzing D:\PythonCode\VAT_Audit_Project\vat_gui.py
4312 INFO: Processing standard module hook 'hook-multiprocessing.util.
py' from 'D:\\PythonCode\\VAT_Audit_Project\\.venv\\Lib\\site-packages
\\PyInstaller\\hooks'
4373 INFO: Processing standard module hook 'hook-xml.py' from 'D:\\Pyt
honCode\\VAT_Audit_Project\\.venv\\Lib\\site-packages\\PyInstaller\\ho
oks'
4551 INFO: Processing standard module hook 'hook-_ctypes.py' from 'D:\
\PythonCode\\VAT_Audit_Project\\.venv\\Lib\\site-packages\\PyInstaller
\\hooks'
4566 INFO: Processing pre-find-module-path hook 'hook-tkinter.py' from
 'D:\\PythonCode\\VAT_Audit_Project\\.venv\\Lib\\site-packages\\PyInst
aller\\hooks\\pre_find_module_path'
4567 INFO: TclTkInfo: initializing cached Tcl/Tk info...
4845 INFO: Processing standard module hook 'hook-_tkinter.py' from 'D:
\\PythonCode\\VAT_Audit_Project\\.venv\\Lib\\site-packages\\PyInstalle
r\\hooks'
4905 INFO: Processing standard module hook 'hook-sqlite3.py' from 'D:\
\PythonCode\\VAT_Audit_Project\\.venv\\Lib\\site-packages\\PyInstaller
\\hooks'
5309 INFO: Processing pre-safe-import-module hook 'hook-typing_extensi
ons.py' from 'D:\\PythonCode\\VAT_Audit_Project\\.venv\\Lib\\site-pack
ages\\PyInstaller\\hooks\\pre_safe_import_module'
5311 INFO: SetuptoolsInfo: initializing cached setuptools info...
8193 INFO: Processing standard module hook 'hook-platform.py' from 'D:
\\PythonCode\\VAT_Audit_Project\\.venv\\Lib\\site-packages\\PyInstalle
r\\hooks'
8389 INFO: Processing standard module hook 'hook-pandas.py' from 'D:\\
PythonCode\\VAT_Audit_Project\\.venv\\Lib\\site-packages\\PyInstaller\
\hooks'
9425 INFO: Processing standard module hook 'hook-sysconfig.py' from 'D
:\\PythonCode\\VAT_Audit_Project\\.venv\\Lib\\site-packages\\PyInstall
er\\hooks'
9442 INFO: Processing standard module hook 'hook-numpy.py' from 'D:\\P
ythonCode\\VAT_Audit_Project\\.venv\\Lib\\site-packages\\PyInstaller\\
hooks'
10517 INFO: Processing standard module hook 'hook-psutil.py' from 'D:\
\PythonCode\\VAT_Audit_Project\\.venv\\Lib\\site-packages\\_pyinstalle
r_hooks_contrib\\stdhooks'
11644 INFO: Processing standard module hook 'hook-pytz.py' from 'D:\\P
ythonCode\\VAT_Audit_Project\\.venv\\Lib\\site-packages\\PyInstaller\\
hooks'
13464 INFO: Processing standard module hook 'hook-pandas.io.formats.st
yle.py' from 'D:\\PythonCode\\VAT_Audit_Project\\.venv\\Lib\\site-pack
ages\\PyInstaller\\hooks'
15084 INFO: Processing standard module hook 'hook-pandas.plotting.py' 
from 'D:\\PythonCode\\VAT_Audit_Project\\.venv\\Lib\\site-packages\\Py
Installer\\hooks'
15486 INFO: Processing standard module hook 'hook-openpyxl.py' from 'D
:\\PythonCode\\VAT_Audit_Project\\.venv\\Lib\\site-packages\\_pyinstal
ler_hooks_contrib\\stdhooks'
15548 INFO: Processing standard module hook 'hook-lxml.py' from 'D:\\P
ythonCode\\VAT_Audit_Project\\.venv\\Lib\\site-packages\\_pyinstaller_
hooks_contrib\\stdhooks'
15858 INFO: Processing standard module hook 'hook-lxml.etree.py' from 
'D:\\PythonCode\\VAT_Audit_Project\\.venv\\Lib\\site-packages\\_pyinst
aller_hooks_contrib\\stdhooks'
16002 INFO: Processing standard module hook 'hook-xml.etree.cElementTr
ee.py' from 'D:\\PythonCode\\VAT_Audit_Project\\.venv\\Lib\\site-packa
ges\\PyInstaller\\hooks'
16264 INFO: Processing standard module hook 'hook-PIL.py' from 'D:\\Py
thonCode\\VAT_Audit_Project\\.venv\\Lib\\site-packages\\PyInstaller\\h
ooks'
16345 INFO: Processing standard module hook 'hook-PIL.Image.py' from '
D:\\PythonCode\\VAT_Audit_Project\\.venv\\Lib\\site-packages\\PyInstal
ler\\hooks'
16780 INFO: Processing standard module hook 'hook-PIL.ImageFilter.py' 
from 'D:\\PythonCode\\VAT_Audit_Project\\.venv\\Lib\\site-packages\\Py
Installer\\hooks'
